Bad data seen for site: DOVE CREEK CANAL BELOW GREAT CUT DIKE, DOVCANCO: E
