No USGS Realtime data found for site: GUNNISON RIVER NEAR GUNNISON, CO   USGS ID: 09114500
